add
commit
push


acer@DESKTOP-ERDP1A3 MINGW64 /c/Hamdan Fauzaan/Pemrograman/Belajar/Git
$ git init .
Initialized empty Git repository in C:/Hamdan Fauzaan/Pemrograman/Belajar/Git/.git/

acer@DESKTOP-ERDP1A3 MINGW64 /c/Hamdan Fauzaan/Pemrograman/Belajar/Git (master)
$ git status
On branch master

No commits yet

nothing to commit (create/copy files and use "git add" to track)

acer@DESKTOP-ERDP1A3 MINGW64 /c/Hamdan Fauzaan/Pemrograman/Belajar/Git (master)
$ git status
On branch master

No commits yet

Untracked files:
  (use "git add <file>..." to include in what will be committed)
        hamdanryuz.txt

nothing added to commit but untracked files present (use "git add" to track)

acer@DESKTOP-ERDP1A3 MINGW64 /c/Hamdan Fauzaan/Pemrograman/Belajar/Git (master)
$ git status
On branch master

No commits yet

Untracked files:
  (use "git add <file>..." to include in what will be committed)
        hamda nryuz.txt

nothing added to commit but untracked files present (use "git add" to track)

acer@DESKTOP-ERDP1A3 MINGW64 /c/Hamdan Fauzaan/Pemrograman/Belajar/Git (master)
$ git status
On branch master

No commits yet

Untracked files:
  (use "git add <file>..." to include in what will be committed)
        hamdanryuz.txt

nothing added to commit but untracked files present (use "git add" to track)

acer@DESKTOP-ERDP1A3 MINGW64 /c/Hamdan Fauzaan/Pemrograman/Belajar/Git (master)
$ git add hamdanryuz.txt

acer@DESKTOP-ERDP1A3 MINGW64 /c/Hamdan Fauzaan/Pemrograman/Belajar/Git (master)
$ git status
On branch master

No commits yet

Changes to be committed:
  (use "git rm --cached <file>..." to unstage)
        new file:   hamdanryuz.txt


acer@DESKTOP-ERDP1A3 MINGW64 /c/Hamdan Fauzaan/Pemrograman/Belajar/Git (master)
$ git comit -n "pembuatan file baru"
git: 'comit' is not a git command. See 'git --help'.

The most similar command is
        commit

acer@DESKTOP-ERDP1A3 MINGW64 /c/Hamdan Fauzaan/Pemrograman/Belajar/Git (master)
$ git commit -n "pembuatan file baru"
error: pathspec 'pembuatan file baru' did not match any file(s) known to git

acer@DESKTOP-ERDP1A3 MINGW64 /c/Hamdan Fauzaan/Pemrograman/Belajar/Git (master)
$ git commit -m "pembuatan file baru"
[master (root-commit) 7c3cb7e] pembuatan file baru
 1 file changed, 0 insertions(+), 0 deletions(-)
 create mode 100644 hamdanryuz.txt

acer@DESKTOP-ERDP1A3 MINGW64 /c/Hamdan Fauzaan/Pemrograman/Belajar/Git (master)
$ git status
On branch master
nothing to commit, working tree clean

acer@DESKTOP-ERDP1A3 MINGW64 /c/Hamdan Fauzaan/Pemrograman/Belajar/Git (master)
$ git log
commit 7c3cb7e89b28a7aa5c017056da3efadd70571dc9 (HEAD -> master)
Author: hamdanryuz <dadanqq@gmail.com>
Date:   Thu Nov 19 19:54:17 2020 +0700

    pembuatan file baru

acer@DESKTOP-ERDP1A3 MINGW64 /c/Hamdan Fauzaan/Pemrograman/Belajar/Git (master)
$ git log --oneline
7c3cb7e (HEAD -> master) pembuatan file baru

acer@DESKTOP-ERDP1A3 MINGW64 /c/Hamdan Fauzaan/Pemrograman/Belajar/Git (master)
$ git remote

acer@DESKTOP-ERDP1A3 MINGW64 /c/Hamdan Fauzaan/Pemrograman/Belajar/Git (master)
$ git remote add master https://github.com/hamdanryuz/hamdanryuz_shiawashe.git

acer@DESKTOP-ERDP1A3 MINGW64 /c/Hamdan Fauzaan/Pemrograman/Belajar/Git (master)
$ git remote
master

acer@DESKTOP-ERDP1A3 MINGW64 /c/Hamdan Fauzaan/Pemrograman/Belajar/Git (master)
$ git push -f master main
error: src refspec main does not match any
error: failed to push some refs to 'https://github.com/hamdanryuz/hamdanryuz_shiawashe.git'

acer@DESKTOP-ERDP1A3 MINGW64 /c/Hamdan Fauzaan/Pemrograman/Belajar/Git (master)
$ git push -f master master
Enumerating objects: 3, done.
Counting objects: 100% (3/3), done.
Writing objects: 100% (3/3), 221 bytes | 221.00 KiB/s, done.
Total 3 (delta 0), reused 0 (delta 0), pack-reused 0
To https://github.com/hamdanryuz/hamdanryuz_shiawashe.git
 * [new branch]      master -> master

acer@DESKTOP-ERDP1A3 MINGW64 /c/Hamdan Fauzaan/Pemrograman/Belajar/Git (master)
$ git status
On branch master
Changes not staged for commit:
  (use "git add <file>..." to update what will be committed)
  (use "git restore <file>..." to discard changes in working directory)
        modified:   hamdanryuz.txt

no changes added to commit (use "git add" and/or "git commit -a")

acer@DESKTOP-ERDP1A3 MINGW64 /c/Hamdan Fauzaan/Pemrograman/Belajar/Git (master)
$ git add .

acer@DESKTOP-ERDP1A3 MINGW64 /c/Hamdan Fauzaan/Pemrograman/Belajar/Git (master)
$ git status
On branch master
Changes to be committed:
  (use "git restore --staged <file>..." to unstage)
        modified:   hamdanryuz.txt


acer@DESKTOP-ERDP1A3 MINGW64 /c/Hamdan Fauzaan/Pemrograman/Belajar/Git (master)
$ git commit -m "perubahan di file hamdanryuz.txt"
[master 108952c] perubahan di file hamdanryuz.txt
 1 file changed, 1 insertion(+)

acer@DESKTOP-ERDP1A3 MINGW64 /c/Hamdan Fauzaan/Pemrograman/Belajar/Git (master)
$ git push -f master master
Enumerating objects: 5, done.
Counting objects: 100% (5/5), done.
Writing objects: 100% (3/3), 259 bytes | 259.00 KiB/s, done.
Total 3 (delta 0), reused 0 (delta 0), pack-reused 0
To https://github.com/hamdanryuz/hamdanryuz_shiawashe.git
   7c3cb7e..108952c  master -> master

acer@DESKTOP-ERDP1A3 MINGW64 /c/Hamdan Fauzaan/Pemrograman/Belajar/Git (master)
$ git log --oneline
108952c (HEAD -> master, master/master) perubahan di file hamdanryuz.txt
7c3cb7e pembuatan file baru

acer@DESKTOP-ERDP1A3 MINGW64 /c/Hamdan Fauzaan/Pemrograman/Belajar/Git (master)
$ git init .
Reinitialized existing Git repository in C:/Hamdan Fauzaan/Pemrograman/Belajar/Git/.git/

acer@DESKTOP-ERDP1A3 MINGW64 /c/Hamdan Fauzaan/Pemrograman/Belajar/Git (master)
$ git clone https://github.com/hamdanryuz/hamdanryuz_shiawashe.git
Cloning into 'hamdanryuz_shiawashe'...
fatal: protocol 'https' is not supported

acer@DESKTOP-ERDP1A3 MINGW64 /c/Hamdan Fauzaan/Pemrograman/Belajar/Git (master)
$ ^C

acer@DESKTOP-ERDP1A3 MINGW64 /c/Hamdan Fauzaan/Pemrograman/Belajar/Git (master)
$ git commit -m "perubahan ke2 di file hamdanryuz.txt"
On branch master
Changes not staged for commit:
  (use "git add <file>..." to update what will be committed)
  (use "git restore <file>..." to discard changes in working directory)
        modified:   hamdanryuz.txt

Untracked files:
  (use "git add <file>..." to include in what will be committed)
        f_git/

no changes added to commit (use "git add" and/or "git commit -a")

acer@DESKTOP-ERDP1A3 MINGW64 /c/Hamdan Fauzaan/Pemrograman/Belajar/Git (master)
$ git push -f master master
Everything up-to-date

acer@DESKTOP-ERDP1A3 MINGW64 /c/Hamdan Fauzaan/Pemrograman/Belajar/Git (master)
$ git commit -m "perubahan ke2 di file hamdanryuz.txt"
On branch master
Changes not staged for commit:
  (use "git add <file>..." to update what will be committed)
  (use "git restore <file>..." to discard changes in working directory)
        modified:   hamdanryuz.txt

Untracked files:
  (use "git add <file>..." to include in what will be committed)
        f_git/

no changes added to commit (use "git add" and/or "git commit -a")

acer@DESKTOP-ERDP1A3 MINGW64 /c/Hamdan Fauzaan/Pemrograman/Belajar/Git (master)
$ git status
On branch master
Changes not staged for commit:
  (use "git add <file>..." to update what will be committed)
  (use "git restore <file>..." to discard changes in working directory)
        modified:   hamdanryuz.txt

Untracked files:
  (use "git add <file>..." to include in what will be committed)
        f_git/

no changes added to commit (use "git add" and/or "git commit -a")

acer@DESKTOP-ERDP1A3 MINGW64 /c/Hamdan Fauzaan/Pemrograman/Belajar/Git (master)
$ git add .
error: 'f_git/' does not have a commit checked out
fatal: adding files failed

acer@DESKTOP-ERDP1A3 MINGW64 /c/Hamdan Fauzaan/Pemrograman/Belajar/Git (master)
$ git add .

acer@DESKTOP-ERDP1A3 MINGW64 /c/Hamdan Fauzaan/Pemrograman/Belajar/Git (master)
$ git status
On branch master
Changes to be committed:
  (use "git restore --staged <file>..." to unstage)
        modified:   hamdanryuz.txt


acer@DESKTOP-ERDP1A3 MINGW64 /c/Hamdan Fauzaan/Pemrograman/Belajar/Git (master)
$ git push -f master master
Everything up-to-date

acer@DESKTOP-ERDP1A3 MINGW64 /c/Hamdan Fauzaan/Pemrograman/Belajar/Git (master)
$ git commit -m "perubahan ke2 di file hamdanryuz.txt"
[master 653a79f] perubahan ke2 di file hamdanryuz.txt
 1 file changed, 1 insertion(+), 1 deletion(-)

acer@DESKTOP-ERDP1A3 MINGW64 /c/Hamdan Fauzaan/Pemrograman/Belajar/Git (master)
$ git push -f master master
Enumerating objects: 5, done.
Counting objects: 100% (5/5), done.
Writing objects: 100% (3/3), 267 bytes | 267.00 KiB/s, done.
Total 3 (delta 0), reused 0 (delta 0), pack-reused 0
To https://github.com/hamdanryuz/hamdanryuz_shiawashe.git
   108952c..653a79f  master -> master

acer@DESKTOP-ERDP1A3 MINGW64 /c/Hamdan Fauzaan/Pemrograman/Belajar/Git (master)
$ git add .

acer@DESKTOP-ERDP1A3 MINGW64 /c/Hamdan Fauzaan/Pemrograman/Belajar/Git (master)
$ git commit -m "perubahan ke3 di file hamdanryuz.txt"
[master ef44e7c] perubahan ke3 di file hamdanryuz.txt
 1 file changed, 3 insertions(+), 1 deletion(-)

acer@DESKTOP-ERDP1A3 MINGW64 /c/Hamdan Fauzaan/Pemrograman/Belajar/Git (master)
$ git push -f master master
Enumerating objects: 5, done.
Counting objects: 100% (5/5), done.
Writing objects: 100% (3/3), 274 bytes | 274.00 KiB/s, done.
Total 3 (delta 0), reused 0 (delta 0), pack-reused 0
To https://github.com/hamdanryuz/hamdanryuz_shiawashe.git
   653a79f..ef44e7c  master -> master

acer@DESKTOP-ERDP1A3 MINGW64 /c/Hamdan Fauzaan/Pemrograman/Belajar/Git (master)
$ git log --oneline
ef44e7c (HEAD -> master, master/master) perubahan ke3 di file hamdanryuz.txt
653a79f perubahan ke2 di file hamdanryuz.txt
108952c perubahan di file hamdanryuz.txt
7c3cb7e pembuatan file baru

acer@DESKTOP-ERDP1A3 MINGW64 /c/Hamdan Fauzaan/Pemrograman/Belajar/Git (master)
$ git checkout 7c3cb7e
Note: switching to '7c3cb7e'.

You are in 'detached HEAD' state. You can look around, make experimental
changes and commit them, and you can discard any commits you make in this
state without impacting any branches by switching back to a branch.

If you want to create a new branch to retain commits you create, you may
do so (now or later) by using -c with the switch command. Example:

  git switch -c <new-branch-name>

Or undo this operation with:

  git switch -

Turn off this advice by setting config variable advice.detachedHead to false

HEAD is now at 7c3cb7e pembuatan file baru

acer@DESKTOP-ERDP1A3 MINGW64 /c/Hamdan Fauzaan/Pemrograman/Belajar/Git ((7c3cb7e...))
$ git checkout ef44e7c
Previous HEAD position was 7c3cb7e pembuatan file baru
HEAD is now at ef44e7c perubahan ke3 di file hamdanryuz.txt

acer@DESKTOP-ERDP1A3 MINGW64 /c/Hamdan Fauzaan/Pemrograman/Belajar/Git ((ef44e7c...))
$ git switch -
fatal: a branch is expected, got commit '7c3cb7e89b28a7aa5c017056da3efadd70571dc9'

acer@DESKTOP-ERDP1A3 MINGW64 /c/Hamdan Fauzaan/Pemrograman/Belajar/Git ((ef44e7c...))
$ git checkout 7c3cb7e
Previous HEAD position was ef44e7c perubahan ke3 di file hamdanryuz.txt
HEAD is now at 7c3cb7e pembuatan file baru

acer@DESKTOP-ERDP1A3 MINGW64 /c/Hamdan Fauzaan/Pemrograman/Belajar/Git ((7c3cb7e...))
$ git switch -
fatal: a branch is expected, got commit 'ef44e7c41b65c1734be48f1f5304b12f8842ae30'

acer@DESKTOP-ERDP1A3 MINGW64 /c/Hamdan Fauzaan/Pemrograman/Belajar/Git ((7c3cb7e...))
$ git switch -
fatal: a branch is expected, got commit 'ef44e7c41b65c1734be48f1f5304b12f8842ae30'

acer@DESKTOP-ERDP1A3 MINGW64 /c/Hamdan Fauzaan/Pemrograman/Belajar/Git ((7c3cb7e...))
$ git switch -
fatal: a branch is expected, got commit 'ef44e7c41b65c1734be48f1f5304b12f8842ae30'

acer@DESKTOP-ERDP1A3 MINGW64 /c/Hamdan Fauzaan/Pemrograman/Belajar/Git ((7c3cb7e...))
$ git switch -
fatal: a branch is expected, got commit 'ef44e7c41b65c1734be48f1f5304b12f8842ae30'

acer@DESKTOP-ERDP1A3 MINGW64 /c/Hamdan Fauzaan/Pemrograman/Belajar/Git ((7c3cb7e...))
$

acer@DESKTOP-ERDP1A3 MINGW64 /c/Hamdan Fauzaan/Pemrograman/Belajar/Git ((7c3cb7e...))
$ git switch -
fatal: a branch is expected, got commit 'ef44e7c41b65c1734be48f1f5304b12f8842ae30'

acer@DESKTOP-ERDP1A3 MINGW64 /c/Hamdan Fauzaan/Pemrograman/Belajar/Git ((7c3cb7e...))
$ git log --oneline
7c3cb7e (HEAD) pembuatan file baru

acer@DESKTOP-ERDP1A3 MINGW64 /c/Hamdan Fauzaan/Pemrograman/Belajar/Git ((7c3cb7e...))
$ git log --oneline
7c3cb7e (HEAD) pembuatan file baru

acer@DESKTOP-ERDP1A3 MINGW64 /c/Hamdan Fauzaan/Pemrograman/Belajar/Git ((7c3cb7e...))
$ git checkout master
Previous HEAD position was 7c3cb7e pembuatan file baru
Switched to branch 'master'

acer@DESKTOP-ERDP1A3 MINGW64 /c/Hamdan Fauzaan/Pemrograman/Belajar/Git (master)
$ git log --oneline
ef44e7c (HEAD -> master, master/master) perubahan ke3 di file hamdanryuz.txt
653a79f perubahan ke2 di file hamdanryuz.txt
108952c perubahan di file hamdanryuz.txt
7c3cb7e pembuatan file baru

acer@DESKTOP-ERDP1A3 MINGW64 /c/Hamdan Fauzaan/Pemrograman/Belajar/Git (master)
$
